// Jest Snapshot v1, https://goo.gl/fbAQLP

exports[`init should add vue dependencies 1`] = `
{
  "dependencies": {
    "vue": "^3.3.4",
    "vue-router": "^4.2.4",
  },
  "devDependencies": {
    "@nx/vue": "0.0.1",
    "@vitejs/plugin-vue": "^4.5.0",
    "@vue/test-utils": "^2.4.1",
    "@vue/tsconfig": "^0.4.0",
    "vue-tsc": "^1.8.8",
  },
  "name": "@proj/source",
}
`;
