// Jest Snapshot v1, https://goo.gl/fbAQLP

exports[`cypress-component-configuration generator should setup nextjs app 1`] = `
{
  "compilerOptions": {
    "module": "commonjs",
    "outDir": "../../dist/out-tsc",
    "types": [
      "cypress",
      "node",
    ],
  },
  "extends": "../tsconfig.json",
  "include": [
    "support/**/*.ts",
    "../cypress.config.ts",
    "../**/*.cy.ts",
    "../**/*.cy.tsx",
    "../**/*.cy.js",
    "../**/*.cy.jsx",
    "../**/*.d.ts",
  ],
}
`;

exports[`cypress-component-configuration generator should setup nextjs lib 1`] = `
{
  "compilerOptions": {
    "module": "commonjs",
    "outDir": "../../dist/out-tsc",
    "types": [
      "cypress",
      "node",
    ],
  },
  "extends": "../tsconfig.json",
  "include": [
    "support/**/*.ts",
    "../cypress.config.ts",
    "../**/*.cy.ts",
    "../**/*.cy.tsx",
    "../**/*.cy.js",
    "../**/*.cy.jsx",
    "../**/*.d.ts",
  ],
}
`;
