// Jest Snapshot v1, https://goo.gl/fbAQLP

exports[`@nrwl/workspace:generateWorkspaceFiles should create a prettierrc file 1`] = `
"{
  \\"singleQuote\\": true
}
"
`;

exports[`@nrwl/workspace:generateWorkspaceFiles should recommend vscode extensions (angular) 1`] = `
Array [
  "nrwl.angular-console",
  "esbenp.prettier-vscode",
]
`;

exports[`@nrwl/workspace:generateWorkspaceFiles should recommend vscode extensions 1`] = `
Array [
  "nrwl.angular-console",
  "esbenp.prettier-vscode",
]
`;
