// Jest Snapshot v1, https://goo.gl/fbAQLP

exports[`splitArgs should default to having a base of main 1`] = `
{
  "base": "b11d37997e4a375c99d3b89f796709db53a037cb",
  "skipNxCache": false,
}
`;

exports[`splitArgs should return a default base branch if not configured in nx.json 1`] = `
{
  "base": "b11d37997e4a375c99d3b89f796709db53a037cb",
  "skipNxCache": false,
}
`;
