// Jest Snapshot v1, https://goo.gl/fbAQLP

exports[`spectator component Generator should create component files correctly: component 1`] = `
"import { Component } from '@angular/core';

@Component({
  selector: 'proj-example',
  templateUrl: './example.component.html',
  styleUrls: ['./example.component.css'],
})
export class ExampleComponent {}
"
`;

exports[`spectator component Generator should create component files correctly: component test file 1`] = `
"import { Spectator, createComponentFactory } from '@ngneat/spectator';

import { ExampleComponent } from './example.component';

describe('ExampleComponent', () => {
  let spectator: Spectator<ExampleComponent>;
  const createComponent = createComponentFactory(ExampleComponent);

  it('should create', () => {
    spectator = createComponent();

    expect(spectator.component).toBeTruthy();
  });
});
"
`;

exports[`spectator component Generator should create component files correctly: entry point file 1`] = `
"export * from './lib/lib.module';
"
`;

exports[`spectator component Generator should create component files correctly: stylesheet 1`] = `""`;

exports[`spectator component Generator should create component files correctly: template 1`] = `
"<p>example works!</p>
"
`;
