// Jest Snapshot v1, https://goo.gl/fbAQLP

exports[`pnpm LockFile utility lock file with inline specifiers should parse lockfile (IS) 1`] = `
Object {
  "@ampproject/remapping@2.2.0": Object {
    "dependencies": Object {
      "@jridgewell/gen-mapping": "0.1.1",
      "@jridgewell/trace-mapping": "0.3.17",
    },
    "engines": Object {
      "node": ">=6.0.0",
    },
    "packageMeta": Array [
      Object {
        "dependencyDetails": Object {
          "dependencies": Object {
            "@jridgewell/gen-mapping": "0.1.1",
            "@jridgewell/trace-mapping": "0.3.17",
          },
        },
        "dev": true,
        "isDependency": false,
        "isDevDependency": false,
        "key": "/@ampproject/remapping/2.2.0",
        "specifier": undefined,
      },
    ],
    "resolution": Object {
      "integrity": "sha512-qRmjj8nj9qmLTQXXmaR1cck3UXSRMPrbsLJAasZpF+t3riI71BXed5ebIOYwQntykeZuhjsdweEc9BxH5Jc26w==",
    },
    "rootVersion": true,
    "version": "2.2.0",
  },
}
`;

exports[`pnpm LockFile utility lock file with inline specifiers should parse lockfile (IS) 2`] = `
Object {
  "typescript@4.8.4": Object {
    "engines": Object {
      "node": ">=4.2.0",
    },
    "hasBin": true,
    "packageMeta": Array [
      Object {
        "dependencyDetails": Object {},
        "dev": true,
        "isDependency": false,
        "isDevDependency": true,
        "key": "/typescript/4.8.4",
        "specifier": "~4.8.2",
      },
    ],
    "resolution": Object {
      "integrity": "sha512-QCh+85mCy+h0IGff8r5XWzOVSbBO+KfeYrMQh7NJ58QujwcE22u+NUSmUxqF+un70P9GXKxa2HCNiTTMJknyjQ==",
    },
    "rootVersion": true,
    "version": "4.8.4",
  },
}
`;

exports[`pnpm LockFile utility standard lock file should parse lockfile correctly 1`] = `
Object {
  "@ampproject/remapping@2.2.0": Object {
    "dependencies": Object {
      "@jridgewell/gen-mapping": "0.1.1",
      "@jridgewell/trace-mapping": "0.3.17",
    },
    "engines": Object {
      "node": ">=6.0.0",
    },
    "packageMeta": Array [
      Object {
        "dependencyDetails": Object {
          "dependencies": Object {
            "@jridgewell/gen-mapping": "0.1.1",
            "@jridgewell/trace-mapping": "0.3.17",
          },
        },
        "dev": true,
        "isDependency": false,
        "isDevDependency": false,
        "key": "/@ampproject/remapping/2.2.0",
        "specifier": undefined,
      },
    ],
    "resolution": Object {
      "integrity": "sha512-qRmjj8nj9qmLTQXXmaR1cck3UXSRMPrbsLJAasZpF+t3riI71BXed5ebIOYwQntykeZuhjsdweEc9BxH5Jc26w==",
    },
    "rootVersion": true,
    "version": "2.2.0",
  },
}
`;

exports[`pnpm LockFile utility standard lock file should parse lockfile correctly 2`] = `
Object {
  "typescript@4.8.4": Object {
    "engines": Object {
      "node": ">=4.2.0",
    },
    "hasBin": true,
    "packageMeta": Array [
      Object {
        "dependencyDetails": Object {},
        "dev": true,
        "isDependency": false,
        "isDevDependency": true,
        "key": "/typescript/4.8.4",
        "specifier": "~4.8.2",
      },
    ],
    "resolution": Object {
      "integrity": "sha512-QCh+85mCy+h0IGff8r5XWzOVSbBO+KfeYrMQh7NJ58QujwcE22u+NUSmUxqF+un70P9GXKxa2HCNiTTMJknyjQ==",
    },
    "rootVersion": true,
    "version": "4.8.4",
  },
}
`;
