// Jest Snapshot v1, https://goo.gl/fbAQLP

exports[`@nx/storybook:init dependencies for package.json should add angular related dependencies when using Angular as uiFramework 1`] = `
{
  "dependencies": {
    "existing": "1.0.0",
    "react": "^18.2.0",
    "react-dom": "^18.2.0",
  },
  "devDependencies": {
    "@angular/forms": "*",
    "@nx/storybook": "0.0.1",
    "@storybook/addon-essentials": "7.5.3",
    "@storybook/angular": "7.5.3",
    "@storybook/core-server": "7.5.3",
    "existing": "1.0.0",
  },
  "name": "@proj/source",
}
`;
