// Jest Snapshot v1, https://goo.gl/fbAQLP

exports[`@nx/vite/plugin with test node root project should create nodes - with test too 1`] = `
{
  "projects": {
    ".": {
      "root": ".",
      "targets": {
        "build": {
          "cache": true,
          "command": "vite build",
          "dependsOn": [
            "^build",
          ],
          "inputs": [
            "production",
            "^production",
            {
              "externalDependencies": [
                "vite",
              ],
            },
          ],
          "options": {
            "cwd": ".",
          },
          "outputs": [
            "{projectRoot}/dist",
          ],
        },
        "preview": {
          "command": "vite preview",
          "options": {
            "cwd": ".",
          },
        },
        "serve": {
          "command": "vite serve",
          "options": {
            "cwd": ".",
          },
        },
        "serve-static": {
          "executor": "@nx/web:file-server",
          "options": {
            "buildTarget": "build",
          },
        },
        "test": {
          "cache": true,
          "command": "vitest run",
          "inputs": [
            "default",
            "^production",
            {
              "externalDependencies": [
                "vitest",
              ],
            },
          ],
          "options": {
            "cwd": ".",
          },
          "outputs": [
            "{projectRoot}/coverage",
          ],
        },
      },
    },
  },
}
`;
