// Jest Snapshot v1, https://goo.gl/fbAQLP

exports[`addLinting generator should correctly generate the .eslintrc.json file 1`] = `
Object {
  "ignorePatterns": Array [
    "!**/*",
  ],
  "overrides": Array [
    Object {
      "extends": Array [
        "plugin:@nrwl/nx/angular",
        "plugin:@angular-eslint/template/process-inline-templates",
        "../../.eslintrc.json",
      ],
      "files": Array [
        "*.ts",
      ],
      "rules": Object {
        "@angular-eslint/component-selector": Array [
          "error",
          Object {
            "prefix": "my-org",
            "style": "kebab-case",
            "type": "element",
          },
        ],
        "@angular-eslint/directive-selector": Array [
          "error",
          Object {
            "prefix": "myOrg",
            "style": "camelCase",
            "type": "attribute",
          },
        ],
      },
    },
    Object {
      "extends": Array [
        "plugin:@nrwl/nx/angular-template",
        "../../.eslintrc.json",
      ],
      "files": Array [
        "*.html",
      ],
      "rules": Object {},
    },
  ],
}
`;
