// Jest Snapshot v1, https://goo.gl/fbAQLP

exports[`angularStories generator: applications should generate stories file for inline scam component 1`] = `
Object {
  "data": Array [
    105,
    109,
    112,
    111,
    114,
    116,
    32,
    123,
    32,
    77,
    101,
    116,
    97,
    32,
    125,
    32,
    102,
    114,
    111,
    109,
    32,
    39,
    64,
    115,
    116,
    111,
    114,
    121,
    98,
    111,
    111,
    107,
    47,
    97,
    110,
    103,
    117,
    108,
    97,
    114,
    39,
    59,
    10,
    105,
    109,
    112,
    111,
    114,
    116,
    32,
    123,
    32,
    77,
    121,
    83,
    99,
    97,
    109,
    67,
    111,
    109,
    112,
    111,
    110,
    101,
    110,
    116,
    32,
    125,
    32,
    102,
    114,
    111,
    109,
    32,
    39,
    46,
    47,
    109,
    121,
    45,
    115,
    99,
    97,
    109,
    46,
    99,
    111,
    109,
    112,
    111,
    110,
    101,
    110,
    116,
    39,
    59,
    10,
    10,
    101,
    120,
    112,
    111,
    114,
    116,
    32,
    100,
    101,
    102,
    97,
    117,
    108,
    116,
    32,
    123,
    10,
    32,
    32,
    116,
    105,
    116,
    108,
    101,
    58,
    32,
    39,
    77,
    121,
    83,
    99,
    97,
    109,
    67,
    111,
    109,
    112,
    111,
    110,
    101,
    110,
    116,
    39,
    44,
    10,
    32,
    32,
    99,
    111,
    109,
    112,
    111,
    110,
    101,
    110,
    116,
    58,
    32,
    77,
    121,
    83,
    99,
    97,
    109,
    67,
    111,
    109,
    112,
    111,
    110,
    101,
    110,
    116,
    10,
    125,
    32,
    97,
    115,
    32,
    77,
    101,
    116,
    97,
    60,
    77,
    121,
    83,
    99,
    97,
    109,
    67,
    111,
    109,
    112,
    111,
    110,
    101,
    110,
    116,
    62,
    59,
    10,
    10,
    101,
    120,
    112,
    111,
    114,
    116,
    32,
    99,
    111,
    110,
    115,
    116,
    32,
    80,
    114,
    105,
    109,
    97,
    114,
    121,
    32,
    61,
    32,
    123,
    10,
    32,
    32,
    114,
    101,
    110,
    100,
    101,
    114,
    58,
    32,
    40,
    97,
    114,
    103,
    115,
    58,
    32,
    77,
    121,
    83,
    99,
    97,
    109,
    67,
    111,
    109,
    112,
    111,
    110,
    101,
    110,
    116,
    41,
    32,
    61,
    62,
    32,
    40,
    123,
    10,
    32,
    32,
    32,
    32,
    112,
    114,
    111,
    112,
    115,
    58,
    32,
    97,
    114,
    103,
    115,
    44,
    10,
    32,
    32,
    125,
    41,
    44,
    10,
    32,
    32,
    97,
    114,
    103,
    115,
    58,
    32,
    123,
    10,
    32,
    32,
    125,
    44,
    10,
    125,
    59,
  ],
  "type": "Buffer",
}
`;

exports[`angularStories generator: applications should ignore a path that has a nested component, but still generate nested component stories 1`] = `
Object {
  "data": Array [
    105,
    109,
    112,
    111,
    114,
    116,
    32,
    123,
    32,
    77,
    101,
    116,
    97,
    32,
    125,
    32,
    102,
    114,
    111,
    109,
    32,
    39,
    64,
    115,
    116,
    111,
    114,
    121,
    98,
    111,
    111,
    107,
    47,
    97,
    110,
    103,
    117,
    108,
    97,
    114,
    39,
    59,
    10,
    105,
    109,
    112,
    111,
    114,
    116,
    32,
    123,
    32,
    67,
    111,
    109,
    112,
    111,
    110,
    101,
    110,
    116,
    66,
    67,
    111,
    109,
    112,
    111,
    110,
    101,
    110,
    116,
    32,
    125,
    32,
    102,
    114,
    111,
    109,
    32,
    39,
    46,
    47,
    99,
    111,
    109,
    112,
    111,
    110,
    101,
    110,
    116,
    45,
    98,
    46,
    99,
    111,
    109,
    112,
    111,
    110,
    101,
    110,
    116,
    39,
    59,
    10,
    10,
    101,
    120,
    112,
    111,
    114,
    116,
    32,
    100,
    101,
    102,
    97,
    117,
    108,
    116,
    32,
    123,
    10,
    32,
    32,
    116,
    105,
    116,
    108,
    101,
    58,
    32,
    39,
    67,
    111,
    109,
    112,
    111,
    110,
    101,
    110,
    116,
    66,
    67,
    111,
    109,
    112,
    111,
    110,
    101,
    110,
    116,
    39,
    44,
    10,
    32,
    32,
    99,
    111,
    109,
    112,
    111,
    110,
    101,
    110,
    116,
    58,
    32,
    67,
    111,
    109,
    112,
    111,
    110,
    101,
    110,
    116,
    66,
    67,
    111,
    109,
    112,
    111,
    110,
    101,
    110,
    116,
    10,
    125,
    32,
    97,
    115,
    32,
    77,
    101,
    116,
    97,
    60,
    67,
    111,
    109,
    112,
    111,
    110,
    101,
    110,
    116,
    66,
    67,
    111,
    109,
    112,
    111,
    110,
    101,
    110,
    116,
    62,
    59,
    10,
    10,
    101,
    120,
    112,
    111,
    114,
    116,
    32,
    99,
    111,
    110,
    115,
    116,
    32,
    80,
    114,
    105,
    109,
    97,
    114,
    121,
    32,
    61,
    32,
    123,
    10,
    32,
    32,
    114,
    101,
    110,
    100,
    101,
    114,
    58,
    32,
    40,
    97,
    114,
    103,
    115,
    58,
    32,
    67,
    111,
    109,
    112,
    111,
    110,
    101,
    110,
    116,
    66,
    67,
    111,
    109,
    112,
    111,
    110,
    101,
    110,
    116,
    41,
    32,
    61,
    62,
    32,
    40,
    123,
    10,
    32,
    32,
    32,
    32,
    112,
    114,
    111,
    112,
    115,
    58,
    32,
    97,
    114,
    103,
    115,
    44,
    10,
    32,
    32,
    125,
    41,
    44,
    10,
    32,
    32,
    97,
    114,
    103,
    115,
    58,
    32,
    123,
    10,
    32,
    32,
    125,
    44,
    10,
    125,
    59,
  ],
  "type": "Buffer",
}
`;
